// Jest Snapshot v1, https://goo.gl/fbAQLP

exports[`renders Details component snapshot 1`] = `" <div>Loading...</div>"`;
